// Jest Snapshot v1, https://goo.gl/fbAQLP

exports[`Image renderers correctly 1`] = `
.emotion-0 {
  position: relative;
}

.emotion-0 picture {
  width: 100%;
}

.emotion-0[data-svg='true'] {
  display: -webkit-box;
  display: -webkit-flex;
  display: -ms-flexbox;
  display: flex;
  -webkit-box-pack: center;
  -ms-flex-pack: center;
  -webkit-justify-content: center;
  justify-content: center;
}

.emotion-0[data-border='true'] {
  border: 1px solid #a5bcd3;
  border-bottom: 0;
  border-radius: 4px;
  border-bottom-left-radius: 0;
  border-bottom-right-radius: 0;
}

.emotion-1[data-border='true'] {
  border-radius: 3px;
  border-bottom-left-radius: 0;
  border-bottom-right-radius: 0;
}

<div
  class="emotion-0"
  data-svg="false"
>
  <picture>
    <source
      sizes="(min-width: 1024px) 1024px, 100vw"
      srcset="https://example.com/image.png?width=2720 2720w, https://example.com/image.png?width=2080 2080w, https://example.com/image.png?width=1760 1760w, https://example.com/image.png?width=1440 1440w, https://example.com/image.png?width=1120 1120w, https://example.com/image.png?width=1000 1000w, https://example.com/image.png?width=960 960w, https://example.com/image.png?width=800 800w, https://example.com/image.png?width=640 640w, https://example.com/image.png?width=480 480w, https://example.com/image.png?width=320 320w, https://example.com/image.png?width=240 240w, https://example.com/image.png?width=180 180w"
    />
    <img
      alt="example"
      class="emotion-1"
      src="https://example.com/image.png?width=1024"
    />
  </picture>
</div>
`;

exports[`Image with crop and focalpoint props renderers correctly 1`] = `
.emotion-0 {
  position: relative;
}

.emotion-0 picture {
  width: 100%;
}

.emotion-0[data-svg='true'] {
  display: -webkit-box;
  display: -webkit-flex;
  display: -ms-flexbox;
  display: flex;
  -webkit-box-pack: center;
  -ms-flex-pack: center;
  -webkit-justify-content: center;
  justify-content: center;
}

.emotion-0[data-border='true'] {
  border: 1px solid #a5bcd3;
  border-bottom: 0;
  border-radius: 4px;
  border-bottom-left-radius: 0;
  border-bottom-right-radius: 0;
}

.emotion-1[data-border='true'] {
  border-radius: 3px;
  border-bottom-left-radius: 0;
  border-bottom-right-radius: 0;
}

<div
  class="emotion-0"
  data-svg="false"
>
  <picture>
    <source
      sizes="(min-width: 1024px) 1024px, 100vw"
      srcset="https://example.com/image.png?width=2720&cropStartX=14.59&cropEndX=79.63&cropStartY=20&cropEndY=100&focalX=65.08&focalY=45.28 2720w, https://example.com/image.png?width=2080&cropStartX=14.59&cropEndX=79.63&cropStartY=20&cropEndY=100&focalX=65.08&focalY=45.28 2080w, https://example.com/image.png?width=1760&cropStartX=14.59&cropEndX=79.63&cropStartY=20&cropEndY=100&focalX=65.08&focalY=45.28 1760w, https://example.com/image.png?width=1440&cropStartX=14.59&cropEndX=79.63&cropStartY=20&cropEndY=100&focalX=65.08&focalY=45.28 1440w, https://example.com/image.png?width=1120&cropStartX=14.59&cropEndX=79.63&cropStartY=20&cropEndY=100&focalX=65.08&focalY=45.28 1120w, https://example.com/image.png?width=1000&cropStartX=14.59&cropEndX=79.63&cropStartY=20&cropEndY=100&focalX=65.08&focalY=45.28 1000w, https://example.com/image.png?width=960&cropStartX=14.59&cropEndX=79.63&cropStartY=20&cropEndY=100&focalX=65.08&focalY=45.28 960w, https://example.com/image.png?width=800&cropStartX=14.59&cropEndX=79.63&cropStartY=20&cropEndY=100&focalX=65.08&focalY=45.28 800w, https://example.com/image.png?width=640&cropStartX=14.59&cropEndX=79.63&cropStartY=20&cropEndY=100&focalX=65.08&focalY=45.28 640w, https://example.com/image.png?width=480&cropStartX=14.59&cropEndX=79.63&cropStartY=20&cropEndY=100&focalX=65.08&focalY=45.28 480w, https://example.com/image.png?width=320&cropStartX=14.59&cropEndX=79.63&cropStartY=20&cropEndY=100&focalX=65.08&focalY=45.28 320w, https://example.com/image.png?width=240&cropStartX=14.59&cropEndX=79.63&cropStartY=20&cropEndY=100&focalX=65.08&focalY=45.28 240w, https://example.com/image.png?width=180&cropStartX=14.59&cropEndX=79.63&cropStartY=20&cropEndY=100&focalX=65.08&focalY=45.28 180w"
    />
    <img
      alt="example"
      class="emotion-1"
      src="https://example.com/image.png?width=1024&cropStartX=14.59&cropEndX=79.63&cropStartY=20&cropEndY=100&focalX=65.08&focalY=45.28"
    />
  </picture>
</div>
`;

exports[`Lazyloaded image renderers correctly 1`] = `
.emotion-0 {
  position: relative;
}

.emotion-0 picture {
  width: 100%;
}

.emotion-0[data-svg='true'] {
  display: -webkit-box;
  display: -webkit-flex;
  display: -ms-flexbox;
  display: flex;
  -webkit-box-pack: center;
  -ms-flex-pack: center;
  -webkit-justify-content: center;
  justify-content: center;
}

.emotion-0[data-border='true'] {
  border: 1px solid #a5bcd3;
  border-bottom: 0;
  border-radius: 4px;
  border-bottom-left-radius: 0;
  border-bottom-right-radius: 0;
}

<div
  class="emotion-0"
>
  <noscript />
  <img
    alt="example"
    class="lazyload"
    data-sizes="(min-width: 1024px) 1024px, 100vw"
    data-src="https://example.com/image.png?width=1024"
    data-src-set="https://example.com/image.png?width=2720 2720w, https://example.com/image.png?width=2080 2080w, https://example.com/image.png?width=1760 1760w, https://example.com/image.png?width=1440 1440w, https://example.com/image.png?width=1120 1120w, https://example.com/image.png?width=1000 1000w, https://example.com/image.png?width=960 960w, https://example.com/image.png?width=800 800w, https://example.com/image.png?width=640 640w, https://example.com/image.png?width=480 480w, https://example.com/image.png?width=320 320w, https://example.com/image.png?width=240 240w, https://example.com/image.png?width=180 180w"
    src="https://example.com/blurry.png"
    style="width: 100%;"
  />
</div>
`;

exports[`makeSrcQueryString renders correctly 1`] = `"cropStartX=14.59&cropEndX=79.63&cropStartY=20&cropEndY=100"`;

exports[`makeSrcQueryString renders correctly 2`] = `"focalX=65.08&focalY=45.28"`;

exports[`makeSrcQueryString renders correctly 3`] = `"width=1024&cropStartX=14.59&cropEndX=79.63&cropStartY=20&cropEndY=100&focalX=65.08&focalY=45.28"`;
