// Jest Snapshot v1, https://goo.gl/fbAQLP

exports[`getFieldValue with field assigned 1`] = `"test"`;

exports[`getFieldValue with field undefined 1`] = `"test"`;

exports[`getFieldValue with field undefined 2`] = `
Object {
  "test": "test",
}
`;
