// Jest Snapshot v1, https://goo.gl/fbAQLP

exports[`Get a grouped contributor description list for each supported language 1`] = `
[
  {
    "description": "Regissør Francis Ford Coppola",
    "label": "Opphaver",
    "metaType": "author",
  },
  {
    "description": "Paramount Pictures, Distributør Alfran Productions",
    "label": "Rettighetshaver",
    "metaType": "copyrightHolder",
  },
  {
    "description": "Francis Ford Coppola, Språklig Mario Puzo",
    "label": "Bearbeider",
    "metaType": "contributor",
  },
]
`;

exports[`Get a grouped contributor description list for each supported language 2`] = `
[
  {
    "description": "Director Francis Ford Coppola",
    "label": "Originator",
    "metaType": "author",
  },
  {
    "description": "Paramount Pictures, Distributor Alfran Productions",
    "label": "Rightsholder",
    "metaType": "copyrightHolder",
  },
  {
    "description": "Francis Ford Coppola, Linguistic Mario Puzo",
    "label": "Processor",
    "metaType": "contributor",
  },
]
`;

exports[`Makes a translated comma separated contributor string (ignores rightsholder prefix) 1`] = `"Regissør Francis Ford Coppola, Språklig Mario Puzo, Paramount Pictures, Distributør Alfran Productions"`;

exports[`Makes a translated comma seperated contributor string 1`] = `"Regissør Francis Ford Coppola, Språklig Mario Puzo, Rettighetshaver Paramount Pictures, Distributør Alfran Productions"`;

exports[`Makes a translated comma seperated contributor string 2`] = `"Director Francis Ford Coppola, Linguistic Mario Puzo, Rightsholder Paramount Pictures, Distributor Alfran Productions"`;
